[15-Nov-2025 21:36:16 Europe/Berlin] [Response::emit] SapiEmitter failed: Output has been emitted previously; cannot emit response
[15-Nov-2025 21:41:25 Europe/Berlin] [Response::emit] SapiEmitter failed: Output has been emitted previously; cannot emit response
[16-Nov-2025 19:50:32 Europe/Berlin] MediaManager::insertFileRecord - SQLSTATE[42S22]: Column not found: 1054 Unknown column 'width' in 'field list'
[16-Nov-2025 19:50:32 Europe/Berlin] Request::inputMedia - MediaManager error: Class "System\FormException" not found
[18-Nov-2025 10:51:47 Europe/Berlin] [Response::emit] SapiEmitter failed: Output has been emitted previously; cannot emit response
[18-Nov-2025 10:52:13 Europe/Berlin] [Response::emit] SapiEmitter failed: Output has been emitted previously; cannot emit response
[18-Nov-2025 17:46:29 Europe/Berlin] PHP Fatal error:  Uncaught RuntimeException: Yantra AI API key is missing (YANTRA_AI_KEY). in C:\xampp\htdocs\yantra\System\Utilities\YantraAIClient.php:23
Stack trace:
#0 C:\xampp\htdocs\yantra\App\Controllers\admin\YantraAI.php(23): System\Utilities\YantraAIClient->__construct()
#1 C:\xampp\htdocs\yantra\System\Router.php(148): Controllers\admin\YantraAI->__construct(Object(System\Request), Object(System\Response))
#2 C:\xampp\htdocs\yantra\System\Router.php(101): System\Router->invokeController('Controllers\\adm...', 'index', Object(System\Request), Object(System\Response), Array)
#3 C:\xampp\htdocs\yantra\index.php(26): System\Router->dispatch(Object(System\Request), Object(System\Response))
#4 {main}
  thrown in C:\xampp\htdocs\yantra\System\Utilities\YantraAIClient.php on line 23
[18-Nov-2025 18:17:25 Europe/Berlin] PHP Fatal error:  Uncaught Error: Class "Models\AdminModel" not found in C:\xampp\htdocs\yantra\App\Controllers\admin\YTAdmin.php:57
Stack trace:
#0 C:\xampp\htdocs\yantra\System\Router.php(148): Controllers\admin\YTAdmin->__construct(Object(System\Request), Object(System\Response))
#1 C:\xampp\htdocs\yantra\System\Router.php(101): System\Router->invokeController('Controllers\\adm...', 'index', Object(System\Request), Object(System\Response), Array)
#2 C:\xampp\htdocs\yantra\index.php(26): System\Router->dispatch(Object(System\Request), Object(System\Response))
#3 {main}
  thrown in C:\xampp\htdocs\yantra\App\Controllers\admin\YTAdmin.php on line 57
[19-Nov-2025 05:06:44 Europe/Berlin] PHP Fatal error:  Uncaught Error: Class "Controllers\admin\YantraAI" not found in C:\xampp\htdocs\yantra\System\Router.php:148
Stack trace:
#0 C:\xampp\htdocs\yantra\System\Router.php(101): System\Router->invokeController('Controllers\\adm...', 'index', Object(System\Request), Object(System\Response), Array)
#1 C:\xampp\htdocs\yantra\index.php(26): System\Router->dispatch(Object(System\Request), Object(System\Response))
#2 {main}
  thrown in C:\xampp\htdocs\yantra\System\Router.php on line 148
[19-Nov-2025 05:06:45 Europe/Berlin] PHP Fatal error:  Uncaught Error: Class "Controllers\admin\YantraAI" not found in C:\xampp\htdocs\yantra\System\Router.php:148
Stack trace:
#0 C:\xampp\htdocs\yantra\System\Router.php(101): System\Router->invokeController('Controllers\\adm...', 'index', Object(System\Request), Object(System\Response), Array)
#1 C:\xampp\htdocs\yantra\index.php(26): System\Router->dispatch(Object(System\Request), Object(System\Response))
#2 {main}
  thrown in C:\xampp\htdocs\yantra\System\Router.php on line 148
[19-Nov-2025 05:06:54 Europe/Berlin] PHP Fatal error:  Uncaught Error: Class "Models\AdminModel" not found in C:\xampp\htdocs\yantra\App\Controllers\admin\YTAdmin.php:57
Stack trace:
#0 C:\xampp\htdocs\yantra\System\Router.php(148): Controllers\admin\YTAdmin->__construct(Object(System\Request), Object(System\Response))
#1 C:\xampp\htdocs\yantra\System\Router.php(101): System\Router->invokeController('Controllers\\adm...', 'index', Object(System\Request), Object(System\Response), Array)
#2 C:\xampp\htdocs\yantra\index.php(26): System\Router->dispatch(Object(System\Request), Object(System\Response))
#3 {main}
  thrown in C:\xampp\htdocs\yantra\App\Controllers\admin\YTAdmin.php on line 57
[19-Nov-2025 06:41:51 Europe/Berlin] PHP Fatal error:  Uncaught Error: Class "Models\AdminModel" not found in C:\xampp\htdocs\yantra\App\Controllers\admin\YTAdmin.php:57
Stack trace:
#0 C:\xampp\htdocs\yantra\System\Router.php(148): Controllers\admin\YTAdmin->__construct(Object(System\Request), Object(System\Response))
#1 C:\xampp\htdocs\yantra\System\Router.php(101): System\Router->invokeController('Controllers\\adm...', 'index', Object(System\Request), Object(System\Response), Array)
#2 C:\xampp\htdocs\yantra\index.php(26): System\Router->dispatch(Object(System\Request), Object(System\Response))
#3 {main}
  thrown in C:\xampp\htdocs\yantra\App\Controllers\admin\YTAdmin.php on line 57
[19-Nov-2025 11:46:35 Europe/Berlin] PHP Fatal error:  Uncaught Error: Class "Models\AdminModel" not found in C:\xampp\htdocs\yantra\App\Controllers\admin\YTAdmin.php:57
Stack trace:
#0 C:\xampp\htdocs\yantra\System\Router.php(148): Controllers\admin\YTAdmin->__construct(Object(System\Request), Object(System\Response))
#1 C:\xampp\htdocs\yantra\System\Router.php(101): System\Router->invokeController('Controllers\\adm...', 'index', Object(System\Request), Object(System\Response), Array)
#2 C:\xampp\htdocs\yantra\index.php(26): System\Router->dispatch(Object(System\Request), Object(System\Response))
#3 {main}
  thrown in C:\xampp\htdocs\yantra\App\Controllers\admin\YTAdmin.php on line 57
[19-Nov-2025 17:48:12 Europe/Berlin] PHP Fatal error:  Uncaught Error: Class "Models\AdminModel" not found in C:\xampp\htdocs\yantra\App\Controllers\admin\YTAdmin.php:57
Stack trace:
#0 C:\xampp\htdocs\yantra\System\Router.php(148): Controllers\admin\YTAdmin->__construct(Object(System\Request), Object(System\Response))
#1 C:\xampp\htdocs\yantra\System\Router.php(101): System\Router->invokeController('Controllers\\adm...', 'loginPage', Object(System\Request), Object(System\Response), Array)
#2 C:\xampp\htdocs\yantra\index.php(26): System\Router->dispatch(Object(System\Request), Object(System\Response))
#3 {main}
  thrown in C:\xampp\htdocs\yantra\App\Controllers\admin\YTAdmin.php on line 57
